2026-09-25 17:42:37.740: [INFO] CurrentProfilePath: D:\Ayush\Orbit\Orbit2.0\.metadata\.plugins\org.eclipse.swt\EBWebView\Default
2026-09-25 17:42:37.740: [INFO] Profiles total count: 1
2026-09-25 17:42:37.740: [INFO] Profile: name=Profile 1 path=D:\Ayush\Orbit\Orbit2.0\.metadata\.plugins\org.eclipse.swt\EBWebView\Default lastActive=null
2026-09-25 17:42:37.740: [INFO] LastUsedProfileDir: D:\Ayush\Orbit\Orbit2.0\.metadata\.plugins\org.eclipse.swt\EBWebView\Default
2026-09-25 17:42:37.740: [INFO] OnDoneLoading sync enabled: 0
2026-09-25 17:42:37.740: [INFO] BookmarkModelLoaded, ids_reassigned: 0
2026-09-25 17:42:37.740: [INFO] BookmarksLoadDropped droppedNodes=0
2026-09-25 17:42:37.740: [INFO] BookmarksSnapshot Startup total=0 bar=0 other=0 mobile=0 showBar=0 showBarNTP=1
2026-09-25 17:42:41.307: [INFO] BookmarksSnapshot Shutdown total=0 bar=0 other=0 mobile=0 showBar=0 showBarNTP=1
2026-09-26 10:22:47.041: [INFO] CurrentProfilePath: D:\Ayush\Orbit\Orbit2.0\.metadata\.plugins\org.eclipse.swt\EBWebView\Default
2026-09-26 10:22:47.041: [INFO] Profiles total count: 1
2026-09-26 10:22:47.041: [INFO] Profile: name=Profile 1 path=D:\Ayush\Orbit\Orbit2.0\.metadata\.plugins\org.eclipse.swt\EBWebView\Default lastActive=null
2026-09-26 10:22:47.041: [INFO] LastUsedProfileDir: D:\Ayush\Orbit\Orbit2.0\.metadata\.plugins\org.eclipse.swt\EBWebView\Default
2026-09-26 10:22:47.041: [INFO] OnDoneLoading sync enabled: 0
2026-09-26 10:22:47.041: [INFO] BookmarkModelLoaded, ids_reassigned: 0
2026-09-26 10:22:47.041: [INFO] BookmarksLoadDropped droppedNodes=0
2026-09-26 10:22:47.041: [INFO] BookmarksSnapshot Startup total=0 bar=0 other=0 mobile=0 showBar=0 showBarNTP=1
2026-09-26 10:22:53.120: [INFO] BookmarksSnapshot Shutdown total=0 bar=0 other=0 mobile=0 showBar=0 showBarNTP=1
2026-09-26 10:25:34.335: [INFO] CurrentProfilePath: D:\Ayush\Orbit\Orbit2.0\.metadata\.plugins\org.eclipse.swt\EBWebView\Default
2026-09-26 10:25:34.335: [INFO] Profiles total count: 1
2026-09-26 10:25:34.335: [INFO] Profile: name=Profile 1 path=D:\Ayush\Orbit\Orbit2.0\.metadata\.plugins\org.eclipse.swt\EBWebView\Default lastActive=null
2026-09-26 10:25:34.335: [INFO] LastUsedProfileDir: D:\Ayush\Orbit\Orbit2.0\.metadata\.plugins\org.eclipse.swt\EBWebView\Default
2026-09-26 10:25:34.335: [INFO] OnDoneLoading sync enabled: 0
2026-09-26 10:25:34.335: [INFO] BookmarkModelLoaded, ids_reassigned: 0
2026-09-26 10:25:34.335: [INFO] BookmarksLoadDropped droppedNodes=0
2026-09-26 10:25:34.335: [INFO] BookmarksSnapshot Startup total=0 bar=0 other=0 mobile=0 showBar=0 showBarNTP=1
2026-09-26 10:27:02.950: [INFO] BookmarksSnapshot Shutdown total=0 bar=0 other=0 mobile=0 showBar=0 showBarNTP=1
2026-09-26 10:27:08.028: [INFO] CurrentProfilePath: D:\Ayush\Orbit\Orbit2.0\.metadata\.plugins\org.eclipse.swt\EBWebView\Default
2026-09-26 10:27:08.028: [INFO] Profiles total count: 1
2026-09-26 10:27:08.028: [INFO] Profile: name=Profile 1 path=D:\Ayush\Orbit\Orbit2.0\.metadata\.plugins\org.eclipse.swt\EBWebView\Default lastActive=null
2026-09-26 10:27:08.028: [INFO] LastUsedProfileDir: D:\Ayush\Orbit\Orbit2.0\.metadata\.plugins\org.eclipse.swt\EBWebView\Default
2026-09-26 10:27:08.028: [INFO] OnDoneLoading sync enabled: 0
2026-09-26 10:27:08.028: [INFO] BookmarkModelLoaded, ids_reassigned: 0
2026-09-26 10:27:08.028: [INFO] BookmarksLoadDropped droppedNodes=0
2026-09-26 10:27:08.028: [INFO] BookmarksSnapshot Startup total=0 bar=0 other=0 mobile=0 showBar=0 showBarNTP=1
2026-09-26 16:36:51.270: [INFO] BookmarksSnapshot Shutdown total=0 bar=0 other=0 mobile=0 showBar=0 showBarNTP=1
