0 verbose cli C:\Program Files\nodejs\node.exe C:\Program Files\nodejs\node_modules\npm\bin\npm-cli.js
1 info using npm@10.9.3
2 info using node@v22.18.0
3 silly config load:file:C:\Program Files\nodejs\node_modules\npm\npmrc
4 silly config load:file:D:\Orbit2.0\frontend\.npmrc
5 silly config load:file:C:\Users\PRIYANSHU\.npmrc
6 silly config load:file:C:\Users\PRIYANSHU\AppData\Roaming\npm\etc\npmrc
7 verbose title npm ci
8 verbose argv "ci" "--ignore-scripts" "--cache" "D:\\Orbit2.0\\work\\npm-cache"
9 verbose logfile logs-max:10 dir:D:\Orbit2.0\work\npm-cache\_logs\2026-09-13T11_12_25_875Z-
10 verbose logfile D:\Orbit2.0\work\npm-cache\_logs\2026-09-13T11_12_25_875Z-debug-0.log
11 silly logfile done cleaning log files
12 silly packumentCache heap:4345298944 maxSize:1086324736 maxEntrySize:543162368
13 silly idealTree buildDeps
14 silly reify moves {}
15 silly audit bulk request {
15 silly audit   '@babel/code-frame': [ '7.29.7' ],
15 silly audit   '@babel/compat-data': [ '7.29.7' ],
15 silly audit   '@babel/core': [ '7.29.7' ],
15 silly audit   '@babel/generator': [ '7.29.8' ],
15 silly audit   '@babel/helper-compilation-targets': [ '7.29.7' ],
15 silly audit   '@babel/helper-globals': [ '7.29.7' ],
15 silly audit   '@babel/helper-module-imports': [ '7.29.7' ],
15 silly audit   '@babel/helper-module-transforms': [ '7.29.7' ],
15 silly audit   '@babel/helper-plugin-utils': [ '7.29.7' ],
15 silly audit   '@babel/helper-string-parser': [ '7.29.7' ],
15 silly audit   '@babel/helper-validator-identifier': [ '7.29.7' ],
15 silly audit   '@babel/helper-validator-option': [ '7.29.7' ],
15 silly audit   '@babel/helpers': [ '7.29.7' ],
15 silly audit   '@babel/parser': [ '7.29.8' ],
15 silly audit   '@babel/plugin-transform-react-jsx-self': [ '7.29.7' ],
15 silly audit   '@babel/plugin-transform-react-jsx-source': [ '7.29.7' ],
15 silly audit   '@babel/runtime': [ '7.29.7' ],
15 silly audit   '@babel/template': [ '7.29.7' ],
15 silly audit   '@babel/traverse': [ '7.29.8' ],
15 silly audit   '@babel/types': [ '7.29.8' ],
15 silly audit   '@dimforge/rapier3d-compat': [ '0.12.0' ],
15 silly audit   '@esbuild/aix-ppc64': [ '0.28.2' ],
15 silly audit   '@esbuild/android-arm': [ '0.28.2' ],
15 silly audit   '@esbuild/android-arm64': [ '0.28.2' ],
15 silly audit   '@esbuild/android-x64': [ '0.28.2' ],
15 silly audit   '@esbuild/darwin-arm64': [ '0.28.2' ],
15 silly audit   '@esbuild/darwin-x64': [ '0.28.2' ],
15 silly audit   '@esbuild/freebsd-arm64': [ '0.28.2' ],
15 silly audit   '@esbuild/freebsd-x64': [ '0.28.2' ],
15 silly audit   '@esbuild/linux-arm': [ '0.28.2' ],
15 silly audit   '@esbuild/linux-arm64': [ '0.28.2' ],
15 silly audit   '@esbuild/linux-ia32': [ '0.28.2' ],
15 silly audit   '@esbuild/linux-loong64': [ '0.28.2' ],
15 silly audit   '@esbuild/linux-mips64el': [ '0.28.2' ],
15 silly audit   '@esbuild/linux-ppc64': [ '0.28.2' ],
15 silly audit   '@esbuild/linux-riscv64': [ '0.28.2' ],
15 silly audit   '@esbuild/linux-s390x': [ '0.28.2' ],
15 silly audit   '@esbuild/linux-x64': [ '0.28.2' ],
15 silly audit   '@esbuild/netbsd-arm64': [ '0.28.2' ],
15 silly audit   '@esbuild/netbsd-x64': [ '0.28.2' ],
15 silly audit   '@esbuild/openbsd-arm64': [ '0.28.2' ],
15 silly audit   '@esbuild/openbsd-x64': [ '0.28.2' ],
15 silly audit   '@esbuild/openharmony-arm64': [ '0.28.2' ],
15 silly audit   '@esbuild/sunos-x64': [ '0.28.2' ],
15 silly audit   '@esbuild/win32-arm64': [ '0.28.2' ],
15 silly audit   '@esbuild/win32-ia32': [ '0.28.2' ],
15 silly audit   '@esbuild/win32-x64': [ '0.28.2' ],
15 silly audit   '@jridgewell/gen-mapping': [ '0.3.13' ],
15 silly audit   '@jridgewell/remapping': [ '2.3.5' ],
15 silly audit   '@jridgewell/resolve-uri': [ '3.1.2' ],
15 silly audit   '@jridgewell/sourcemap-codec': [ '1.5.5' ],
15 silly audit   '@jridgewell/trace-mapping': [ '0.3.31' ],
15 silly audit   '@mediapipe/tasks-vision': [ '0.10.17' ],
15 silly audit   '@monogrid/gainmap-js': [ '3.4.0' ],
15 silly audit   '@napi-rs/lzma-linux-x64-gnu': [ '1.5.1' ],
15 silly audit   '@react-three/drei': [ '10.7.8' ],
15 silly audit   '@react-three/fiber': [ '9.7.0' ],
15 silly audit   '@rolldown/pluginutils': [ '1.0.0-rc.3' ],
15 silly audit   '@rollup/rollup-android-arm-eabi': [ '4.63.0' ],
15 silly audit   '@rollup/rollup-android-arm64': [ '4.63.0' ],
15 silly audit   '@rollup/rollup-darwin-arm64': [ '4.63.0' ],
15 silly audit   '@rollup/rollup-darwin-x64': [ '4.63.0' ],
15 silly audit   '@rollup/rollup-freebsd-arm64': [ '4.63.0' ],
15 silly audit   '@rollup/rollup-freebsd-x64': [ '4.63.0' ],
15 silly audit   '@rollup/rollup-linux-arm-gnueabihf': [ '4.63.0' ],
15 silly audit   '@rollup/rollup-linux-arm-musleabihf': [ '4.63.0' ],
15 silly audit   '@rollup/rollup-linux-arm64-gnu': [ '4.63.0' ],
15 silly audit   '@rollup/rollup-linux-arm64-musl': [ '4.63.0' ],
15 silly audit   '@rollup/rollup-linux-loong64-gnu': [ '4.63.0' ],
15 silly audit   '@rollup/rollup-linux-loong64-musl': [ '4.63.0' ],
15 silly audit   '@rollup/rollup-linux-ppc64-gnu': [ '4.63.0' ],
15 silly audit   '@rollup/rollup-linux-ppc64-musl': [ '4.63.0' ],
15 silly audit   '@rollup/rollup-linux-riscv64-gnu': [ '4.63.0' ],
15 silly audit   '@rollup/rollup-linux-riscv64-musl': [ '4.63.0' ],
15 silly audit   '@rollup/rollup-linux-s390x-gnu': [ '4.63.0' ],
15 silly audit   '@rollup/rollup-linux-x64-gnu': [ '4.63.0' ],
15 silly audit   '@rollup/rollup-linux-x64-musl': [ '4.63.0' ],
15 silly audit   '@rollup/rollup-openbsd-x64': [ '4.63.0' ],
15 silly audit   '@rollup/rollup-openharmony-arm64': [ '4.63.0' ],
15 silly audit   '@rollup/rollup-win32-arm64-msvc': [ '4.63.0' ],
15 silly audit   '@rollup/rollup-win32-ia32-msvc': [ '4.63.0' ],
15 silly audit   '@rollup/rollup-win32-x64-gnu': [ '4.63.0' ],
15 silly audit   '@rollup/rollup-win32-x64-msvc': [ '4.63.0' ],
15 silly audit   '@tweenjs/tween.js': [ '23.1.3' ],
15 silly audit   '@types/babel__core': [ '7.20.5' ],
15 silly audit   '@types/babel__generator': [ '7.27.0' ],
15 silly audit   '@types/babel__template': [ '7.4.4' ],
15 silly audit   '@types/babel__traverse': [ '7.28.0' ],
15 silly audit   '@types/draco3d': [ '1.4.10' ],
15 silly audit   '@types/estree': [ '1.0.9' ],
15 silly audit   '@types/offscreencanvas': [ '2019.7.3' ],
15 silly audit   '@types/react': [ '19.2.18' ],
15 silly audit   '@types/react-reconciler': [ '0.28.9' ],
15 silly audit   '@types/stats.js': [ '0.17.4' ],
15 silly audit   '@types/three': [ '0.185.4' ],
15 silly audit   '@types/webxr': [ '0.5.24' ],
15 silly audit   '@use-gesture/core': [ '10.3.1' ],
15 silly audit   '@use-gesture/react': [ '10.3.1' ],
15 silly audit   '@vitejs/plugin-react': [ '5.2.0' ],
15 silly audit   'base64-js': [ '1.5.1' ],
15 silly audit   'baseline-browser-mapping': [ '2.11.19' ],
15 silly audit   'bidi-js': [ '1.0.3' ],
15 silly audit   browserslist: [ '4.28.8' ],
15 silly audit   buffer: [ '6.0.3' ],
15 silly audit   'camera-controls': [ '3.1.2' ],
15 silly audit   'caniuse-lite': [ '1.0.30001810' ],
15 silly audit   'convert-source-map': [ '2.0.0' ],
15 silly audit   cookie: [ '1.1.1' ],
15 silly audit   'cross-env': [ '7.0.3' ],
15 silly audit   'cross-spawn': [ '7.0.6' ],
15 silly audit   csstype: [ '3.2.3' ],
15 silly audit   debug: [ '4.4.3' ],
15 silly audit   'detect-gpu': [ '5.0.70' ],
15 silly audit   draco3d: [ '1.5.7' ],
15 silly audit   'electron-to-chromium': [ '1.5.415' ],
15 silly audit   esbuild: [ '0.28.2' ],
15 silly audit   escalade: [ '3.2.0' ],
15 silly audit   fdir: [ '6.5.0' ],
15 silly audit   fflate: [ '0.8.3', '0.6.11' ],
15 silly audit   fsevents: [ '2.3.3' ],
15 silly audit   gensync: [ '1.0.0-beta.2' ],
15 silly audit   'glsl-noise': [ '0.0.0' ],
15 silly audit   gsap: [ '3.15.0' ],
15 silly audit   'hls.js': [ '1.7.1' ],
15 silly audit   ieee754: [ '1.2.1' ],
15 silly audit   immediate: [ '3.0.6' ],
15 silly audit   'is-promise': [ '2.2.2' ],
15 silly audit   isexe: [ '2.0.0' ],
15 silly audit   'its-fine': [ '2.0.0' ],
15 silly audit   'js-tokens': [ '4.0.0' ],
15 silly audit   jsesc: [ '3.1.0' ],
15 silly audit   json5: [ '2.2.3' ],
15 silly audit   lenis: [ '1.3.26' ],
15 silly audit   lie: [ '3.3.0' ],
15 silly audit   'lru-cache': [ '5.1.1' ],
15 silly audit   'lucide-react': [ '0.468.0' ],
15 silly audit   maath: [ '0.10.8' ],
15 silly audit   meshline: [ '3.3.1' ],
15 silly audit   meshoptimizer: [ '1.1.1' ],
15 silly audit   ms: [ '2.1.3' ],
15 silly audit   nanoid: [ '3.3.18' ],
15 silly audit   'node-releases': [ '2.0.53' ],
15 silly audit   'path-key': [ '3.1.1' ],
15 silly audit   picocolors: [ '1.1.1' ],
15 silly audit   picomatch: [ '4.0.7' ],
15 silly audit   postcss: [ '8.5.26' ],
15 silly audit   potpack: [ '1.0.2' ],
15 silly audit   'promise-worker-transferable': [ '1.0.4' ],
15 silly audit   react: [ '19.2.8' ],
15 silly audit   'react-dom': [ '19.2.8' ],
15 silly audit   'react-refresh': [ '0.18.0' ],
15 silly audit   'react-router': [ '7.18.2' ],
15 silly audit   'react-router-dom': [ '7.18.2' ],
15 silly audit   'react-use-measure': [ '2.1.7' ],
15 silly audit   'require-from-string': [ '2.0.2' ],
15 silly audit   rollup: [ '4.63.0' ],
15 silly audit   scheduler: [ '0.27.0' ],
15 silly audit   semver: [ '6.3.1' ],
15 silly audit   'set-cookie-parser': [ '2.7.2' ],
15 silly audit   'shebang-command': [ '2.0.0' ],
15 silly audit   'shebang-regex': [ '3.0.0' ],
15 silly audit   'source-map-js': [ '1.2.1' ],
15 silly audit   'stats-gl': [ '2.4.2' ],
15 silly audit   three: [ '0.170.0', '0.179.1' ],
15 silly audit   'stats.js': [ '0.17.0' ],
15 silly audit   'suspend-react': [ '0.1.3' ],
15 silly audit   'three-mesh-bvh': [ '0.8.3' ],
15 silly audit   'three-stdlib': [ '2.36.1' ],
15 silly audit   tinyglobby: [ '0.2.17' ],
15 silly audit   'troika-three-text': [ '0.52.5' ],
15 silly audit   'troika-three-utils': [ '0.52.5' ],
15 silly audit   'troika-worker-utils': [ '0.52.0' ],
15 silly audit   'tunnel-rat': [ '0.1.2' ],
15 silly audit   zustand: [ '4.5.7', '5.0.15' ],
15 silly audit   'update-browserslist-db': [ '1.3.1' ],
15 silly audit   'use-sync-external-store': [ '1.6.0' ],
15 silly audit   'utility-types': [ '3.11.0' ],
15 silly audit   vite: [ '7.3.6' ],
15 silly audit   'webgl-constants': [ '1.1.1' ],
15 silly audit   'webgl-sdf-generator': [ '1.1.1' ],
15 silly audit   which: [ '2.0.2' ],
15 silly audit   yallist: [ '3.1.1' ]
15 silly audit }
16 verbose reify failed optional dependency D:\Orbit2.0\frontend\node_modules\fsevents
17 silly reify mark deleted [ 'D:\\Orbit2.0\\frontend\\node_modules\\fsevents' ]
18 verbose reify failed optional dependency D:\Orbit2.0\frontend\node_modules\@rollup\rollup-win32-ia32-msvc
19 silly reify mark deleted [
19 silly reify   'D:\\Orbit2.0\\frontend\\node_modules\\@rollup\\rollup-win32-ia32-msvc'
19 silly reify ]
20 verbose reify failed optional dependency D:\Orbit2.0\frontend\node_modules\@rollup\rollup-win32-arm64-msvc
21 silly reify mark deleted [
21 silly reify   'D:\\Orbit2.0\\frontend\\node_modules\\@rollup\\rollup-win32-arm64-msvc'
21 silly reify ]
22 verbose reify failed optional dependency D:\Orbit2.0\frontend\node_modules\@rollup\rollup-openharmony-arm64
23 silly reify mark deleted [
23 silly reify   'D:\\Orbit2.0\\frontend\\node_modules\\@rollup\\rollup-openharmony-arm64'
23 silly reify ]
24 verbose reify failed optional dependency D:\Orbit2.0\frontend\node_modules\@rollup\rollup-openbsd-x64
25 silly reify mark deleted [ 'D:\\Orbit2.0\\frontend\\node_modules\\@rollup\\rollup-openbsd-x64' ]
26 verbose reify failed optional dependency D:\Orbit2.0\frontend\node_modules\@rollup\rollup-linux-x64-musl
27 silly reify mark deleted [
27 silly reify   'D:\\Orbit2.0\\frontend\\node_modules\\@rollup\\rollup-linux-x64-musl'
27 silly reify ]
28 verbose reify failed optional dependency D:\Orbit2.0\frontend\node_modules\@rollup\rollup-linux-x64-gnu
29 silly reify mark deleted [
29 silly reify   'D:\\Orbit2.0\\frontend\\node_modules\\@rollup\\rollup-linux-x64-gnu'
29 silly reify ]
30 verbose reify failed optional dependency D:\Orbit2.0\frontend\node_modules\@rollup\rollup-linux-s390x-gnu
31 silly reify mark deleted [
31 silly reify   'D:\\Orbit2.0\\frontend\\node_modules\\@rollup\\rollup-linux-s390x-gnu'
31 silly reify ]
32 verbose reify failed optional dependency D:\Orbit2.0\frontend\node_modules\@rollup\rollup-linux-riscv64-musl
33 silly reify mark deleted [
33 silly reify   'D:\\Orbit2.0\\frontend\\node_modules\\@rollup\\rollup-linux-riscv64-musl'
33 silly reify ]
34 verbose reify failed optional dependency D:\Orbit2.0\frontend\node_modules\@rollup\rollup-linux-riscv64-gnu
35 silly reify mark deleted [
35 silly reify   'D:\\Orbit2.0\\frontend\\node_modules\\@rollup\\rollup-linux-riscv64-gnu'
35 silly reify ]
36 verbose reify failed optional dependency D:\Orbit2.0\frontend\node_modules\@rollup\rollup-linux-ppc64-musl
37 silly reify mark deleted [
37 silly reify   'D:\\Orbit2.0\\frontend\\node_modules\\@rollup\\rollup-linux-ppc64-musl'
37 silly reify ]
38 verbose reify failed optional dependency D:\Orbit2.0\frontend\node_modules\@rollup\rollup-linux-ppc64-gnu
39 silly reify mark deleted [
39 silly reify   'D:\\Orbit2.0\\frontend\\node_modules\\@rollup\\rollup-linux-ppc64-gnu'
39 silly reify ]
40 verbose reify failed optional dependency D:\Orbit2.0\frontend\node_modules\@rollup\rollup-linux-loong64-musl
41 silly reify mark deleted [
41 silly reify   'D:\\Orbit2.0\\frontend\\node_modules\\@rollup\\rollup-linux-loong64-musl'
41 silly reify ]
42 verbose reify failed optional dependency D:\Orbit2.0\frontend\node_modules\@rollup\rollup-linux-loong64-gnu
43 silly reify mark deleted [
43 silly reify   'D:\\Orbit2.0\\frontend\\node_modules\\@rollup\\rollup-linux-loong64-gnu'
43 silly reify ]
44 verbose reify failed optional dependency D:\Orbit2.0\frontend\node_modules\@rollup\rollup-linux-arm64-musl
45 silly reify mark deleted [
45 silly reify   'D:\\Orbit2.0\\frontend\\node_modules\\@rollup\\rollup-linux-arm64-musl'
45 silly reify ]
46 verbose reify failed optional dependency D:\Orbit2.0\frontend\node_modules\@rollup\rollup-linux-arm64-gnu
47 silly reify mark deleted [
47 silly reify   'D:\\Orbit2.0\\frontend\\node_modules\\@rollup\\rollup-linux-arm64-gnu'
47 silly reify ]
48 verbose reify failed optional dependency D:\Orbit2.0\frontend\node_modules\@rollup\rollup-linux-arm-musleabihf
49 silly reify mark deleted [
49 silly reify   'D:\\Orbit2.0\\frontend\\node_modules\\@rollup\\rollup-linux-arm-musleabihf'
49 silly reify ]
50 verbose reify failed optional dependency D:\Orbit2.0\frontend\node_modules\@rollup\rollup-linux-arm-gnueabihf
51 silly reify mark deleted [
51 silly reify   'D:\\Orbit2.0\\frontend\\node_modules\\@rollup\\rollup-linux-arm-gnueabihf'
51 silly reify ]
52 verbose reify failed optional dependency D:\Orbit2.0\frontend\node_modules\@rollup\rollup-freebsd-x64
53 silly reify mark deleted [ 'D:\\Orbit2.0\\frontend\\node_modules\\@rollup\\rollup-freebsd-x64' ]
54 verbose reify failed optional dependency D:\Orbit2.0\frontend\node_modules\@rollup\rollup-freebsd-arm64
55 silly reify mark deleted [
55 silly reify   'D:\\Orbit2.0\\frontend\\node_modules\\@rollup\\rollup-freebsd-arm64'
55 silly reify ]
56 verbose reify failed optional dependency D:\Orbit2.0\frontend\node_modules\@rollup\rollup-darwin-x64
57 silly reify mark deleted [ 'D:\\Orbit2.0\\frontend\\node_modules\\@rollup\\rollup-darwin-x64' ]
58 verbose reify failed optional dependency D:\Orbit2.0\frontend\node_modules\@rollup\rollup-darwin-arm64
59 silly reify mark deleted [
59 silly reify   'D:\\Orbit2.0\\frontend\\node_modules\\@rollup\\rollup-darwin-arm64'
59 silly reify ]
60 verbose reify failed optional dependency D:\Orbit2.0\frontend\node_modules\@rollup\rollup-android-arm64
61 silly reify mark deleted [
61 silly reify   'D:\\Orbit2.0\\frontend\\node_modules\\@rollup\\rollup-android-arm64'
61 silly reify ]
62 verbose reify failed optional dependency D:\Orbit2.0\frontend\node_modules\@rollup\rollup-android-arm-eabi
63 silly reify mark deleted [
63 silly reify   'D:\\Orbit2.0\\frontend\\node_modules\\@rollup\\rollup-android-arm-eabi'
63 silly reify ]
64 verbose reify failed optional dependency D:\Orbit2.0\frontend\node_modules\@napi-rs\lzma-linux-x64-gnu
65 silly reify mark deleted [
65 silly reify   'D:\\Orbit2.0\\frontend\\node_modules\\@napi-rs\\lzma-linux-x64-gnu'
65 silly reify ]
66 verbose reify failed optional dependency D:\Orbit2.0\frontend\node_modules\@esbuild\win32-ia32
67 silly reify mark deleted [ 'D:\\Orbit2.0\\frontend\\node_modules\\@esbuild\\win32-ia32' ]
68 verbose reify failed optional dependency D:\Orbit2.0\frontend\node_modules\@esbuild\win32-arm64
69 silly reify mark deleted [ 'D:\\Orbit2.0\\frontend\\node_modules\\@esbuild\\win32-arm64' ]
70 verbose reify failed optional dependency D:\Orbit2.0\frontend\node_modules\@esbuild\sunos-x64
71 silly reify mark deleted [ 'D:\\Orbit2.0\\frontend\\node_modules\\@esbuild\\sunos-x64' ]
72 verbose reify failed optional dependency D:\Orbit2.0\frontend\node_modules\@esbuild\openharmony-arm64
73 silly reify mark deleted [ 'D:\\Orbit2.0\\frontend\\node_modules\\@esbuild\\openharmony-arm64' ]
74 verbose reify failed optional dependency D:\Orbit2.0\frontend\node_modules\@esbuild\openbsd-x64
75 silly reify mark deleted [ 'D:\\Orbit2.0\\frontend\\node_modules\\@esbuild\\openbsd-x64' ]
76 verbose reify failed optional dependency D:\Orbit2.0\frontend\node_modules\@esbuild\openbsd-arm64
77 silly reify mark deleted [ 'D:\\Orbit2.0\\frontend\\node_modules\\@esbuild\\openbsd-arm64' ]
78 verbose reify failed optional dependency D:\Orbit2.0\frontend\node_modules\@esbuild\netbsd-x64
79 silly reify mark deleted [ 'D:\\Orbit2.0\\frontend\\node_modules\\@esbuild\\netbsd-x64' ]
80 verbose reify failed optional dependency D:\Orbit2.0\frontend\node_modules\@esbuild\netbsd-arm64
81 silly reify mark deleted [ 'D:\\Orbit2.0\\frontend\\node_modules\\@esbuild\\netbsd-arm64' ]
82 verbose reify failed optional dependency D:\Orbit2.0\frontend\node_modules\@esbuild\linux-x64
83 silly reify mark deleted [ 'D:\\Orbit2.0\\frontend\\node_modules\\@esbuild\\linux-x64' ]
84 verbose reify failed optional dependency D:\Orbit2.0\frontend\node_modules\@esbuild\linux-s390x
85 silly reify mark deleted [ 'D:\\Orbit2.0\\frontend\\node_modules\\@esbuild\\linux-s390x' ]
86 verbose reify failed optional dependency D:\Orbit2.0\frontend\node_modules\@esbuild\linux-riscv64
87 silly reify mark deleted [ 'D:\\Orbit2.0\\frontend\\node_modules\\@esbuild\\linux-riscv64' ]
88 verbose reify failed optional dependency D:\Orbit2.0\frontend\node_modules\@esbuild\linux-ppc64
89 silly reify mark deleted [ 'D:\\Orbit2.0\\frontend\\node_modules\\@esbuild\\linux-ppc64' ]
90 verbose reify failed optional dependency D:\Orbit2.0\frontend\node_modules\@esbuild\linux-mips64el
91 silly reify mark deleted [ 'D:\\Orbit2.0\\frontend\\node_modules\\@esbuild\\linux-mips64el' ]
92 verbose reify failed optional dependency D:\Orbit2.0\frontend\node_modules\@esbuild\linux-loong64
93 silly reify mark deleted [ 'D:\\Orbit2.0\\frontend\\node_modules\\@esbuild\\linux-loong64' ]
94 verbose reify failed optional dependency D:\Orbit2.0\frontend\node_modules\@esbuild\linux-ia32
95 silly reify mark deleted [ 'D:\\Orbit2.0\\frontend\\node_modules\\@esbuild\\linux-ia32' ]
96 verbose reify failed optional dependency D:\Orbit2.0\frontend\node_modules\@esbuild\linux-arm64
97 silly reify mark deleted [ 'D:\\Orbit2.0\\frontend\\node_modules\\@esbuild\\linux-arm64' ]
98 verbose reify failed optional dependency D:\Orbit2.0\frontend\node_modules\@esbuild\linux-arm
99 silly reify mark deleted [ 'D:\\Orbit2.0\\frontend\\node_modules\\@esbuild\\linux-arm' ]
100 verbose reify failed optional dependency D:\Orbit2.0\frontend\node_modules\@esbuild\freebsd-x64
101 silly reify mark deleted [ 'D:\\Orbit2.0\\frontend\\node_modules\\@esbuild\\freebsd-x64' ]
102 verbose reify failed optional dependency D:\Orbit2.0\frontend\node_modules\@esbuild\freebsd-arm64
103 silly reify mark deleted [ 'D:\\Orbit2.0\\frontend\\node_modules\\@esbuild\\freebsd-arm64' ]
104 verbose reify failed optional dependency D:\Orbit2.0\frontend\node_modules\@esbuild\darwin-x64
105 silly reify mark deleted [ 'D:\\Orbit2.0\\frontend\\node_modules\\@esbuild\\darwin-x64' ]
106 verbose reify failed optional dependency D:\Orbit2.0\frontend\node_modules\@esbuild\darwin-arm64
107 silly reify mark deleted [ 'D:\\Orbit2.0\\frontend\\node_modules\\@esbuild\\darwin-arm64' ]
108 verbose reify failed optional dependency D:\Orbit2.0\frontend\node_modules\@esbuild\android-x64
109 silly reify mark deleted [ 'D:\\Orbit2.0\\frontend\\node_modules\\@esbuild\\android-x64' ]
110 verbose reify failed optional dependency D:\Orbit2.0\frontend\node_modules\@esbuild\android-arm64
111 silly reify mark deleted [ 'D:\\Orbit2.0\\frontend\\node_modules\\@esbuild\\android-arm64' ]
112 verbose reify failed optional dependency D:\Orbit2.0\frontend\node_modules\@esbuild\android-arm
113 silly reify mark deleted [ 'D:\\Orbit2.0\\frontend\\node_modules\\@esbuild\\android-arm' ]
114 verbose reify failed optional dependency D:\Orbit2.0\frontend\node_modules\@esbuild\aix-ppc64
115 silly reify mark deleted [ 'D:\\Orbit2.0\\frontend\\node_modules\\@esbuild\\aix-ppc64' ]
116 http cache yallist@https://registry.npmjs.org/yallist/-/yallist-3.1.1.tgz 1ms (cache hit)
117 http cache which@https://registry.npmjs.org/which/-/which-2.0.2.tgz 0ms (cache hit)
118 http cache vite@https://registry.npmjs.org/vite/-/vite-7.3.6.tgz 0ms (cache hit)
119 http cache webgl-sdf-generator@https://registry.npmjs.org/webgl-sdf-generator/-/webgl-sdf-generator-1.1.1.tgz 0ms (cache hit)
120 http cache utility-types@https://registry.npmjs.org/utility-types/-/utility-types-3.11.0.tgz 0ms (cache hit)
121 http cache zustand@https://registry.npmjs.org/zustand/-/zustand-5.0.15.tgz 0ms (cache hit)
122 http cache tunnel-rat@https://registry.npmjs.org/tunnel-rat/-/tunnel-rat-0.1.2.tgz 0ms (cache hit)
123 http cache update-browserslist-db@https://registry.npmjs.org/update-browserslist-db/-/update-browserslist-db-1.3.1.tgz 0ms (cache hit)
124 http cache troika-worker-utils@https://registry.npmjs.org/troika-worker-utils/-/troika-worker-utils-0.52.0.tgz 0ms (cache hit)
125 http cache use-sync-external-store@https://registry.npmjs.org/use-sync-external-store/-/use-sync-external-store-1.6.0.tgz 0ms (cache hit)
126 http cache webgl-constants@https://registry.npmjs.org/webgl-constants/-/webgl-constants-1.1.1.tgz 0ms (cache hit)
127 http cache troika-three-utils@https://registry.npmjs.org/troika-three-utils/-/troika-three-utils-0.52.5.tgz 0ms (cache hit)
128 http cache tinyglobby@https://registry.npmjs.org/tinyglobby/-/tinyglobby-0.2.17.tgz 0ms (cache hit)
129 http cache three@https://registry.npmjs.org/three/-/three-0.179.1.tgz 0ms (cache hit)
130 http cache troika-three-text@https://registry.npmjs.org/troika-three-text/-/troika-three-text-0.52.5.tgz 0ms (cache hit)
131 http cache suspend-react@https://registry.npmjs.org/suspend-react/-/suspend-react-0.1.3.tgz 0ms (cache hit)
132 http cache three-stdlib@https://registry.npmjs.org/three-stdlib/-/three-stdlib-2.36.1.tgz 0ms (cache hit)
133 http cache stats-gl@https://registry.npmjs.org/stats-gl/-/stats-gl-2.4.2.tgz 0ms (cache hit)
134 http cache three-mesh-bvh@https://registry.npmjs.org/three-mesh-bvh/-/three-mesh-bvh-0.8.3.tgz 0ms (cache hit)
135 http cache stats.js@https://registry.npmjs.org/stats.js/-/stats.js-0.17.0.tgz 0ms (cache hit)
136 http cache source-map-js@https://registry.npmjs.org/source-map-js/-/source-map-js-1.2.1.tgz 0ms (cache hit)
137 http cache shebang-regex@https://registry.npmjs.org/shebang-regex/-/shebang-regex-3.0.0.tgz 0ms (cache hit)
138 http cache shebang-command@https://registry.npmjs.org/shebang-command/-/shebang-command-2.0.0.tgz 0ms (cache hit)
139 http cache set-cookie-parser@https://registry.npmjs.org/set-cookie-parser/-/set-cookie-parser-2.7.2.tgz 0ms (cache hit)
140 http cache semver@https://registry.npmjs.org/semver/-/semver-6.3.1.tgz 0ms (cache hit)
141 http cache scheduler@https://registry.npmjs.org/scheduler/-/scheduler-0.27.0.tgz 0ms (cache hit)
142 http cache rollup@https://registry.npmjs.org/rollup/-/rollup-4.63.0.tgz 0ms (cache hit)
143 http cache react-use-measure@https://registry.npmjs.org/react-use-measure/-/react-use-measure-2.1.7.tgz 0ms (cache hit)
144 http cache react-router@https://registry.npmjs.org/react-router/-/react-router-7.18.2.tgz 0ms (cache hit)
145 http cache require-from-string@https://registry.npmjs.org/require-from-string/-/require-from-string-2.0.2.tgz 0ms (cache hit)
146 http cache react@https://registry.npmjs.org/react/-/react-19.2.8.tgz 0ms (cache hit)
147 http cache react-dom@https://registry.npmjs.org/react-dom/-/react-dom-19.2.8.tgz 0ms (cache hit)
148 http cache promise-worker-transferable@https://registry.npmjs.org/promise-worker-transferable/-/promise-worker-transferable-1.0.4.tgz 0ms (cache hit)
149 http cache postcss@https://registry.npmjs.org/postcss/-/postcss-8.5.26.tgz 0ms (cache hit)
150 http cache react-refresh@https://registry.npmjs.org/react-refresh/-/react-refresh-0.18.0.tgz 0ms (cache hit)
151 http cache picomatch@https://registry.npmjs.org/picomatch/-/picomatch-4.0.7.tgz 0ms (cache hit)
152 http cache potpack@https://registry.npmjs.org/potpack/-/potpack-1.0.2.tgz 0ms (cache hit)
153 http cache picocolors@https://registry.npmjs.org/picocolors/-/picocolors-1.1.1.tgz 0ms (cache hit)
154 http cache react-router-dom@https://registry.npmjs.org/react-router-dom/-/react-router-dom-7.18.2.tgz 0ms (cache hit)
155 http cache node-releases@https://registry.npmjs.org/node-releases/-/node-releases-2.0.53.tgz 0ms (cache hit)
156 http cache path-key@https://registry.npmjs.org/path-key/-/path-key-3.1.1.tgz 0ms (cache hit)
157 http cache ms@https://registry.npmjs.org/ms/-/ms-2.1.3.tgz 0ms (cache hit)
158 http cache nanoid@https://registry.npmjs.org/nanoid/-/nanoid-3.3.18.tgz 0ms (cache hit)
159 http cache maath@https://registry.npmjs.org/maath/-/maath-0.10.8.tgz 0ms (cache hit)
160 http cache meshoptimizer@https://registry.npmjs.org/meshoptimizer/-/meshoptimizer-1.1.1.tgz 0ms (cache hit)
161 http cache meshline@https://registry.npmjs.org/meshline/-/meshline-3.3.1.tgz 0ms (cache hit)
162 http cache lru-cache@https://registry.npmjs.org/lru-cache/-/lru-cache-5.1.1.tgz 0ms (cache hit)
163 http cache lucide-react@https://registry.npmjs.org/lucide-react/-/lucide-react-0.468.0.tgz 0ms (cache hit)
164 http cache json5@https://registry.npmjs.org/json5/-/json5-2.2.3.tgz 0ms (cache hit)
165 http cache lie@https://registry.npmjs.org/lie/-/lie-3.3.0.tgz 0ms (cache hit)
166 http cache jsesc@https://registry.npmjs.org/jsesc/-/jsesc-3.1.0.tgz 0ms (cache hit)
167 http cache js-tokens@https://registry.npmjs.org/js-tokens/-/js-tokens-4.0.0.tgz 0ms (cache hit)
168 http cache immediate@https://registry.npmjs.org/immediate/-/immediate-3.0.6.tgz 0ms (cache hit)
169 http cache its-fine@https://registry.npmjs.org/its-fine/-/its-fine-2.0.0.tgz 0ms (cache hit)
170 http cache isexe@https://registry.npmjs.org/isexe/-/isexe-2.0.0.tgz 0ms (cache hit)
171 http cache is-promise@https://registry.npmjs.org/is-promise/-/is-promise-2.2.2.tgz 0ms (cache hit)
172 http cache gsap@https://registry.npmjs.org/gsap/-/gsap-3.15.0.tgz 0ms (cache hit)
173 http cache ieee754@https://registry.npmjs.org/ieee754/-/ieee754-1.2.1.tgz 0ms (cache hit)
174 http cache gensync@https://registry.npmjs.org/gensync/-/gensync-1.0.0-beta.2.tgz 0ms (cache hit)
175 http cache glsl-noise@https://registry.npmjs.org/glsl-noise/-/glsl-noise-0.0.0.tgz 0ms (cache hit)
176 http cache hls.js@https://registry.npmjs.org/hls.js/-/hls.js-1.7.1.tgz 0ms (cache hit)
177 http cache fflate@https://registry.npmjs.org/fflate/-/fflate-0.8.3.tgz 0ms (cache hit)
178 http cache esbuild@https://registry.npmjs.org/esbuild/-/esbuild-0.28.2.tgz 0ms (cache hit)
179 http cache electron-to-chromium@https://registry.npmjs.org/electron-to-chromium/-/electron-to-chromium-1.5.415.tgz 0ms (cache hit)
180 http cache escalade@https://registry.npmjs.org/escalade/-/escalade-3.2.0.tgz 0ms (cache hit)
181 http cache detect-gpu@https://registry.npmjs.org/detect-gpu/-/detect-gpu-5.0.70.tgz 0ms (cache hit)
182 http cache fdir@https://registry.npmjs.org/fdir/-/fdir-6.5.0.tgz 0ms (cache hit)
183 http cache debug@https://registry.npmjs.org/debug/-/debug-4.4.3.tgz 0ms (cache hit)
184 http cache csstype@https://registry.npmjs.org/csstype/-/csstype-3.2.3.tgz 0ms (cache hit)
185 http cache cross-spawn@https://registry.npmjs.org/cross-spawn/-/cross-spawn-7.0.6.tgz 0ms (cache hit)
186 http cache draco3d@https://registry.npmjs.org/draco3d/-/draco3d-1.5.7.tgz 0ms (cache hit)
187 http cache convert-source-map@https://registry.npmjs.org/convert-source-map/-/convert-source-map-2.0.0.tgz 0ms (cache hit)
188 http cache camera-controls@https://registry.npmjs.org/camera-controls/-/camera-controls-3.1.2.tgz 0ms (cache hit)
189 http cache cookie@https://registry.npmjs.org/cookie/-/cookie-1.1.1.tgz 0ms (cache hit)
190 http cache browserslist@https://registry.npmjs.org/browserslist/-/browserslist-4.28.8.tgz 0ms (cache hit)
191 http cache buffer@https://registry.npmjs.org/buffer/-/buffer-6.0.3.tgz 0ms (cache hit)
192 http cache cross-env@https://registry.npmjs.org/cross-env/-/cross-env-7.0.3.tgz 0ms (cache hit)
193 http cache caniuse-lite@https://registry.npmjs.org/caniuse-lite/-/caniuse-lite-1.0.30001810.tgz 0ms (cache hit)
194 http cache bidi-js@https://registry.npmjs.org/bidi-js/-/bidi-js-1.0.3.tgz 0ms (cache hit)
195 http cache baseline-browser-mapping@https://registry.npmjs.org/baseline-browser-mapping/-/baseline-browser-mapping-2.11.19.tgz 0ms (cache hit)
196 http cache base64-js@https://registry.npmjs.org/base64-js/-/base64-js-1.5.1.tgz 0ms (cache hit)
197 http cache @vitejs/plugin-react@https://registry.npmjs.org/@vitejs/plugin-react/-/plugin-react-5.2.0.tgz 0ms (cache hit)
198 http cache @use-gesture/react@https://registry.npmjs.org/@use-gesture/react/-/react-10.3.1.tgz 0ms (cache hit)
199 http cache @types/three@https://registry.npmjs.org/@types/three/-/three-0.185.4.tgz 0ms (cache hit)
200 http cache @types/react-reconciler@https://registry.npmjs.org/@types/react-reconciler/-/react-reconciler-0.28.9.tgz 0ms (cache hit)
201 http cache @types/stats.js@https://registry.npmjs.org/@types/stats.js/-/stats.js-0.17.4.tgz 0ms (cache hit)
202 http cache @types/react@https://registry.npmjs.org/@types/react/-/react-19.2.18.tgz 0ms (cache hit)
203 http cache @types/webxr@https://registry.npmjs.org/@types/webxr/-/webxr-0.5.24.tgz 0ms (cache hit)
204 http cache lenis@https://registry.npmjs.org/lenis/-/lenis-1.3.26.tgz 0ms (cache hit)
205 http cache @types/estree@https://registry.npmjs.org/@types/estree/-/estree-1.0.9.tgz 0ms (cache hit)
206 http cache @use-gesture/core@https://registry.npmjs.org/@use-gesture/core/-/core-10.3.1.tgz 0ms (cache hit)
207 http cache @types/offscreencanvas@https://registry.npmjs.org/@types/offscreencanvas/-/offscreencanvas-2019.7.3.tgz 0ms (cache hit)
208 http cache @types/draco3d@https://registry.npmjs.org/@types/draco3d/-/draco3d-1.4.10.tgz 0ms (cache hit)
209 http cache @types/babel__generator@https://registry.npmjs.org/@types/babel__generator/-/babel__generator-7.27.0.tgz 0ms (cache hit)
210 http cache @types/babel__template@https://registry.npmjs.org/@types/babel__template/-/babel__template-7.4.4.tgz 0ms (cache hit)
211 http cache @tweenjs/tween.js@https://registry.npmjs.org/@tweenjs/tween.js/-/tween.js-23.1.3.tgz 0ms (cache hit)
212 http cache @types/babel__core@https://registry.npmjs.org/@types/babel__core/-/babel__core-7.20.5.tgz 0ms (cache hit)
213 http cache @rollup/rollup-win32-x64-gnu@https://registry.npmjs.org/@rollup/rollup-win32-x64-gnu/-/rollup-win32-x64-gnu-4.63.0.tgz 0ms (cache hit)
214 http cache @types/babel__traverse@https://registry.npmjs.org/@types/babel__traverse/-/babel__traverse-7.28.0.tgz 0ms (cache hit)
215 http cache @rollup/rollup-win32-x64-msvc@https://registry.npmjs.org/@rollup/rollup-win32-x64-msvc/-/rollup-win32-x64-msvc-4.63.0.tgz 0ms (cache hit)
216 http cache @react-three/fiber@https://registry.npmjs.org/@react-three/fiber/-/fiber-9.7.0.tgz 0ms (cache hit)
217 http cache @react-three/drei@https://registry.npmjs.org/@react-three/drei/-/drei-10.7.8.tgz 0ms (cache hit)
218 http cache @rolldown/pluginutils@https://registry.npmjs.org/@rolldown/pluginutils/-/pluginutils-1.0.0-rc.3.tgz 0ms (cache hit)
219 http cache @monogrid/gainmap-js@https://registry.npmjs.org/@monogrid/gainmap-js/-/gainmap-js-3.4.0.tgz 0ms (cache hit)
220 http cache @jridgewell/trace-mapping@https://registry.npmjs.org/@jridgewell/trace-mapping/-/trace-mapping-0.3.31.tgz 0ms (cache hit)
221 http cache @mediapipe/tasks-vision@https://registry.npmjs.org/@mediapipe/tasks-vision/-/tasks-vision-0.10.17.tgz 0ms (cache hit)
222 http cache @jridgewell/sourcemap-codec@https://registry.npmjs.org/@jridgewell/sourcemap-codec/-/sourcemap-codec-1.5.5.tgz 0ms (cache hit)
223 http cache @jridgewell/resolve-uri@https://registry.npmjs.org/@jridgewell/resolve-uri/-/resolve-uri-3.1.2.tgz 0ms (cache hit)
224 http cache @esbuild/win32-x64@https://registry.npmjs.org/@esbuild/win32-x64/-/win32-x64-0.28.2.tgz 0ms (cache hit)
225 http cache @jridgewell/gen-mapping@https://registry.npmjs.org/@jridgewell/gen-mapping/-/gen-mapping-0.3.13.tgz 0ms (cache hit)
226 http cache @jridgewell/remapping@https://registry.npmjs.org/@jridgewell/remapping/-/remapping-2.3.5.tgz 0ms (cache hit)
227 http cache @dimforge/rapier3d-compat@https://registry.npmjs.org/@dimforge/rapier3d-compat/-/rapier3d-compat-0.12.0.tgz 0ms (cache hit)
228 http cache @babel/types@https://registry.npmjs.org/@babel/types/-/types-7.29.8.tgz 0ms (cache hit)
229 http cache @babel/template@https://registry.npmjs.org/@babel/template/-/template-7.29.7.tgz 0ms (cache hit)
230 http cache @babel/runtime@https://registry.npmjs.org/@babel/runtime/-/runtime-7.29.7.tgz 0ms (cache hit)
231 http cache @babel/traverse@https://registry.npmjs.org/@babel/traverse/-/traverse-7.29.8.tgz 0ms (cache hit)
232 http cache @babel/plugin-transform-react-jsx-source@https://registry.npmjs.org/@babel/plugin-transform-react-jsx-source/-/plugin-transform-react-jsx-source-7.29.7.tgz 0ms (cache hit)
233 http cache @babel/parser@https://registry.npmjs.org/@babel/parser/-/parser-7.29.8.tgz 0ms (cache hit)
234 http cache @babel/helpers@https://registry.npmjs.org/@babel/helpers/-/helpers-7.29.7.tgz 0ms (cache hit)
235 http cache @babel/plugin-transform-react-jsx-self@https://registry.npmjs.org/@babel/plugin-transform-react-jsx-self/-/plugin-transform-react-jsx-self-7.29.7.tgz 0ms (cache hit)
236 http cache @babel/helper-validator-option@https://registry.npmjs.org/@babel/helper-validator-option/-/helper-validator-option-7.29.7.tgz 0ms (cache hit)
237 http cache @babel/helper-validator-identifier@https://registry.npmjs.org/@babel/helper-validator-identifier/-/helper-validator-identifier-7.29.7.tgz 0ms (cache hit)
238 http cache @babel/helper-plugin-utils@https://registry.npmjs.org/@babel/helper-plugin-utils/-/helper-plugin-utils-7.29.7.tgz 0ms (cache hit)
239 http cache @babel/helper-globals@https://registry.npmjs.org/@babel/helper-globals/-/helper-globals-7.29.7.tgz 0ms (cache hit)
240 http cache @babel/helper-module-imports@https://registry.npmjs.org/@babel/helper-module-imports/-/helper-module-imports-7.29.7.tgz 0ms (cache hit)
241 http cache @babel/helper-module-transforms@https://registry.npmjs.org/@babel/helper-module-transforms/-/helper-module-transforms-7.29.7.tgz 0ms (cache hit)
242 http cache @babel/core@https://registry.npmjs.org/@babel/core/-/core-7.29.7.tgz 0ms (cache hit)
243 http cache @babel/helper-compilation-targets@https://registry.npmjs.org/@babel/helper-compilation-targets/-/helper-compilation-targets-7.29.7.tgz 0ms (cache hit)
244 http cache @babel/helper-string-parser@https://registry.npmjs.org/@babel/helper-string-parser/-/helper-string-parser-7.29.7.tgz 0ms (cache hit)
245 http cache @babel/generator@https://registry.npmjs.org/@babel/generator/-/generator-7.29.8.tgz 0ms (cache hit)
246 http cache @babel/compat-data@https://registry.npmjs.org/@babel/compat-data/-/compat-data-7.29.7.tgz 0ms (cache hit)
247 http cache @babel/code-frame@https://registry.npmjs.org/@babel/code-frame/-/code-frame-7.29.7.tgz 0ms (cache hit)
248 http cache three@https://registry.npmjs.org/three/-/three-0.170.0.tgz 0ms (cache hit)
249 http cache fflate@https://registry.npmjs.org/fflate/-/fflate-0.6.11.tgz 0ms (cache hit)
250 http cache zustand@https://registry.npmjs.org/zustand/-/zustand-4.5.7.tgz 0ms (cache hit)
251 silly tarball no local data for yallist@https://registry.npmjs.org/yallist/-/yallist-3.1.1.tgz. Extracting by manifest.
252 silly tarball no local data for which@https://registry.npmjs.org/which/-/which-2.0.2.tgz. Extracting by manifest.
253 silly tarball no local data for vite@https://registry.npmjs.org/vite/-/vite-7.3.6.tgz. Extracting by manifest.
254 silly tarball no local data for webgl-sdf-generator@https://registry.npmjs.org/webgl-sdf-generator/-/webgl-sdf-generator-1.1.1.tgz. Extracting by manifest.
255 silly tarball no local data for utility-types@https://registry.npmjs.org/utility-types/-/utility-types-3.11.0.tgz. Extracting by manifest.
256 silly tarball no local data for zustand@https://registry.npmjs.org/zustand/-/zustand-5.0.15.tgz. Extracting by manifest.
257 silly tarball no local data for tunnel-rat@https://registry.npmjs.org/tunnel-rat/-/tunnel-rat-0.1.2.tgz. Extracting by manifest.
258 silly tarball no local data for update-browserslist-db@https://registry.npmjs.org/update-browserslist-db/-/update-browserslist-db-1.3.1.tgz. Extracting by manifest.
259 silly tarball no local data for troika-worker-utils@https://registry.npmjs.org/troika-worker-utils/-/troika-worker-utils-0.52.0.tgz. Extracting by manifest.
260 silly tarball no local data for use-sync-external-store@https://registry.npmjs.org/use-sync-external-store/-/use-sync-external-store-1.6.0.tgz. Extracting by manifest.
261 silly tarball no local data for webgl-constants@https://registry.npmjs.org/webgl-constants/-/webgl-constants-1.1.1.tgz. Extracting by manifest.
262 silly tarball no local data for troika-three-utils@https://registry.npmjs.org/troika-three-utils/-/troika-three-utils-0.52.5.tgz. Extracting by manifest.
263 silly tarball no local data for tinyglobby@https://registry.npmjs.org/tinyglobby/-/tinyglobby-0.2.17.tgz. Extracting by manifest.
264 silly tarball no local data for three@https://registry.npmjs.org/three/-/three-0.179.1.tgz. Extracting by manifest.
265 silly tarball no local data for troika-three-text@https://registry.npmjs.org/troika-three-text/-/troika-three-text-0.52.5.tgz. Extracting by manifest.
266 silly tarball no local data for suspend-react@https://registry.npmjs.org/suspend-react/-/suspend-react-0.1.3.tgz. Extracting by manifest.
267 silly tarball no local data for three-stdlib@https://registry.npmjs.org/three-stdlib/-/three-stdlib-2.36.1.tgz. Extracting by manifest.
268 silly tarball no local data for three-mesh-bvh@https://registry.npmjs.org/three-mesh-bvh/-/three-mesh-bvh-0.8.3.tgz. Extracting by manifest.
269 silly tarball no local data for stats-gl@https://registry.npmjs.org/stats-gl/-/stats-gl-2.4.2.tgz. Extracting by manifest.
270 silly tarball no local data for stats.js@https://registry.npmjs.org/stats.js/-/stats.js-0.17.0.tgz. Extracting by manifest.
271 silly tarball no local data for source-map-js@https://registry.npmjs.org/source-map-js/-/source-map-js-1.2.1.tgz. Extracting by manifest.
272 silly tarball no local data for shebang-regex@https://registry.npmjs.org/shebang-regex/-/shebang-regex-3.0.0.tgz. Extracting by manifest.
273 silly tarball no local data for shebang-command@https://registry.npmjs.org/shebang-command/-/shebang-command-2.0.0.tgz. Extracting by manifest.
274 silly tarball no local data for set-cookie-parser@https://registry.npmjs.org/set-cookie-parser/-/set-cookie-parser-2.7.2.tgz. Extracting by manifest.
275 silly tarball no local data for semver@https://registry.npmjs.org/semver/-/semver-6.3.1.tgz. Extracting by manifest.
276 silly tarball no local data for scheduler@https://registry.npmjs.org/scheduler/-/scheduler-0.27.0.tgz. Extracting by manifest.
277 silly tarball no local data for rollup@https://registry.npmjs.org/rollup/-/rollup-4.63.0.tgz. Extracting by manifest.
278 silly tarball no local data for react-use-measure@https://registry.npmjs.org/react-use-measure/-/react-use-measure-2.1.7.tgz. Extracting by manifest.
279 silly tarball no local data for react-router@https://registry.npmjs.org/react-router/-/react-router-7.18.2.tgz. Extracting by manifest.
280 silly tarball no local data for require-from-string@https://registry.npmjs.org/require-from-string/-/require-from-string-2.0.2.tgz. Extracting by manifest.
281 silly tarball no local data for react@https://registry.npmjs.org/react/-/react-19.2.8.tgz. Extracting by manifest.
282 silly tarball no local data for promise-worker-transferable@https://registry.npmjs.org/promise-worker-transferable/-/promise-worker-transferable-1.0.4.tgz. Extracting by manifest.
283 silly tarball no local data for react-dom@https://registry.npmjs.org/react-dom/-/react-dom-19.2.8.tgz. Extracting by manifest.
284 silly tarball no local data for postcss@https://registry.npmjs.org/postcss/-/postcss-8.5.26.tgz. Extracting by manifest.
285 silly tarball no local data for react-refresh@https://registry.npmjs.org/react-refresh/-/react-refresh-0.18.0.tgz. Extracting by manifest.
286 silly tarball no local data for picomatch@https://registry.npmjs.org/picomatch/-/picomatch-4.0.7.tgz. Extracting by manifest.
287 silly tarball no local data for potpack@https://registry.npmjs.org/potpack/-/potpack-1.0.2.tgz. Extracting by manifest.
288 silly tarball no local data for picocolors@https://registry.npmjs.org/picocolors/-/picocolors-1.1.1.tgz. Extracting by manifest.
289 silly tarball no local data for react-router-dom@https://registry.npmjs.org/react-router-dom/-/react-router-dom-7.18.2.tgz. Extracting by manifest.
290 silly tarball no local data for node-releases@https://registry.npmjs.org/node-releases/-/node-releases-2.0.53.tgz. Extracting by manifest.
291 silly tarball no local data for ms@https://registry.npmjs.org/ms/-/ms-2.1.3.tgz. Extracting by manifest.
292 silly tarball no local data for path-key@https://registry.npmjs.org/path-key/-/path-key-3.1.1.tgz. Extracting by manifest.
293 silly tarball no local data for nanoid@https://registry.npmjs.org/nanoid/-/nanoid-3.3.18.tgz. Extracting by manifest.
294 silly tarball no local data for maath@https://registry.npmjs.org/maath/-/maath-0.10.8.tgz. Extracting by manifest.
295 silly tarball no local data for meshoptimizer@https://registry.npmjs.org/meshoptimizer/-/meshoptimizer-1.1.1.tgz. Extracting by manifest.
296 silly tarball no local data for meshline@https://registry.npmjs.org/meshline/-/meshline-3.3.1.tgz. Extracting by manifest.
297 silly tarball no local data for lru-cache@https://registry.npmjs.org/lru-cache/-/lru-cache-5.1.1.tgz. Extracting by manifest.
298 silly tarball no local data for lucide-react@https://registry.npmjs.org/lucide-react/-/lucide-react-0.468.0.tgz. Extracting by manifest.
299 silly tarball no local data for json5@https://registry.npmjs.org/json5/-/json5-2.2.3.tgz. Extracting by manifest.
300 silly tarball no local data for jsesc@https://registry.npmjs.org/jsesc/-/jsesc-3.1.0.tgz. Extracting by manifest.
301 silly tarball no local data for lie@https://registry.npmjs.org/lie/-/lie-3.3.0.tgz. Extracting by manifest.
302 silly tarball no local data for js-tokens@https://registry.npmjs.org/js-tokens/-/js-tokens-4.0.0.tgz. Extracting by manifest.
303 silly tarball no local data for immediate@https://registry.npmjs.org/immediate/-/immediate-3.0.6.tgz. Extracting by manifest.
304 silly tarball no local data for its-fine@https://registry.npmjs.org/its-fine/-/its-fine-2.0.0.tgz. Extracting by manifest.
305 silly tarball no local data for isexe@https://registry.npmjs.org/isexe/-/isexe-2.0.0.tgz. Extracting by manifest.
306 silly tarball no local data for is-promise@https://registry.npmjs.org/is-promise/-/is-promise-2.2.2.tgz. Extracting by manifest.
307 silly tarball no local data for gsap@https://registry.npmjs.org/gsap/-/gsap-3.15.0.tgz. Extracting by manifest.
308 silly tarball no local data for ieee754@https://registry.npmjs.org/ieee754/-/ieee754-1.2.1.tgz. Extracting by manifest.
309 silly tarball no local data for glsl-noise@https://registry.npmjs.org/glsl-noise/-/glsl-noise-0.0.0.tgz. Extracting by manifest.
310 silly tarball no local data for gensync@https://registry.npmjs.org/gensync/-/gensync-1.0.0-beta.2.tgz. Extracting by manifest.
311 silly tarball no local data for hls.js@https://registry.npmjs.org/hls.js/-/hls.js-1.7.1.tgz. Extracting by manifest.
312 silly tarball no local data for fflate@https://registry.npmjs.org/fflate/-/fflate-0.8.3.tgz. Extracting by manifest.
313 silly tarball no local data for esbuild@https://registry.npmjs.org/esbuild/-/esbuild-0.28.2.tgz. Extracting by manifest.
314 silly tarball no local data for electron-to-chromium@https://registry.npmjs.org/electron-to-chromium/-/electron-to-chromium-1.5.415.tgz. Extracting by manifest.
315 silly tarball no local data for escalade@https://registry.npmjs.org/escalade/-/escalade-3.2.0.tgz. Extracting by manifest.
316 silly tarball no local data for detect-gpu@https://registry.npmjs.org/detect-gpu/-/detect-gpu-5.0.70.tgz. Extracting by manifest.
317 silly tarball no local data for fdir@https://registry.npmjs.org/fdir/-/fdir-6.5.0.tgz. Extracting by manifest.
318 silly tarball no local data for csstype@https://registry.npmjs.org/csstype/-/csstype-3.2.3.tgz. Extracting by manifest.
319 silly tarball no local data for debug@https://registry.npmjs.org/debug/-/debug-4.4.3.tgz. Extracting by manifest.
320 silly tarball no local data for cross-spawn@https://registry.npmjs.org/cross-spawn/-/cross-spawn-7.0.6.tgz. Extracting by manifest.
321 silly tarball no local data for draco3d@https://registry.npmjs.org/draco3d/-/draco3d-1.5.7.tgz. Extracting by manifest.
322 silly tarball no local data for convert-source-map@https://registry.npmjs.org/convert-source-map/-/convert-source-map-2.0.0.tgz. Extracting by manifest.
323 silly tarball no local data for camera-controls@https://registry.npmjs.org/camera-controls/-/camera-controls-3.1.2.tgz. Extracting by manifest.
324 silly tarball no local data for cookie@https://registry.npmjs.org/cookie/-/cookie-1.1.1.tgz. Extracting by manifest.
325 silly tarball no local data for browserslist@https://registry.npmjs.org/browserslist/-/browserslist-4.28.8.tgz. Extracting by manifest.
326 silly tarball no local data for buffer@https://registry.npmjs.org/buffer/-/buffer-6.0.3.tgz. Extracting by manifest.
327 silly tarball no local data for cross-env@https://registry.npmjs.org/cross-env/-/cross-env-7.0.3.tgz. Extracting by manifest.
328 silly tarball no local data for caniuse-lite@https://registry.npmjs.org/caniuse-lite/-/caniuse-lite-1.0.30001810.tgz. Extracting by manifest.
329 silly tarball no local data for bidi-js@https://registry.npmjs.org/bidi-js/-/bidi-js-1.0.3.tgz. Extracting by manifest.
330 silly tarball no local data for baseline-browser-mapping@https://registry.npmjs.org/baseline-browser-mapping/-/baseline-browser-mapping-2.11.19.tgz. Extracting by manifest.
331 silly tarball no local data for base64-js@https://registry.npmjs.org/base64-js/-/base64-js-1.5.1.tgz. Extracting by manifest.
332 silly tarball no local data for @vitejs/plugin-react@https://registry.npmjs.org/@vitejs/plugin-react/-/plugin-react-5.2.0.tgz. Extracting by manifest.
333 silly tarball no local data for @use-gesture/react@https://registry.npmjs.org/@use-gesture/react/-/react-10.3.1.tgz. Extracting by manifest.
334 silly tarball no local data for @types/three@https://registry.npmjs.org/@types/three/-/three-0.185.4.tgz. Extracting by manifest.
335 silly tarball no local data for @types/react-reconciler@https://registry.npmjs.org/@types/react-reconciler/-/react-reconciler-0.28.9.tgz. Extracting by manifest.
336 silly tarball no local data for @types/stats.js@https://registry.npmjs.org/@types/stats.js/-/stats.js-0.17.4.tgz. Extracting by manifest.
337 silly tarball no local data for @types/react@https://registry.npmjs.org/@types/react/-/react-19.2.18.tgz. Extracting by manifest.
338 silly tarball no local data for @types/webxr@https://registry.npmjs.org/@types/webxr/-/webxr-0.5.24.tgz. Extracting by manifest.
339 silly tarball no local data for lenis@https://registry.npmjs.org/lenis/-/lenis-1.3.26.tgz. Extracting by manifest.
340 silly tarball no local data for @types/estree@https://registry.npmjs.org/@types/estree/-/estree-1.0.9.tgz. Extracting by manifest.
341 silly tarball no local data for @use-gesture/core@https://registry.npmjs.org/@use-gesture/core/-/core-10.3.1.tgz. Extracting by manifest.
342 silly tarball no local data for @types/offscreencanvas@https://registry.npmjs.org/@types/offscreencanvas/-/offscreencanvas-2019.7.3.tgz. Extracting by manifest.
343 silly tarball no local data for @types/draco3d@https://registry.npmjs.org/@types/draco3d/-/draco3d-1.4.10.tgz. Extracting by manifest.
344 silly tarball no local data for @types/babel__generator@https://registry.npmjs.org/@types/babel__generator/-/babel__generator-7.27.0.tgz. Extracting by manifest.
345 silly tarball no local data for @types/babel__template@https://registry.npmjs.org/@types/babel__template/-/babel__template-7.4.4.tgz. Extracting by manifest.
346 silly tarball no local data for @tweenjs/tween.js@https://registry.npmjs.org/@tweenjs/tween.js/-/tween.js-23.1.3.tgz. Extracting by manifest.
347 silly tarball no local data for @rollup/rollup-win32-x64-gnu@https://registry.npmjs.org/@rollup/rollup-win32-x64-gnu/-/rollup-win32-x64-gnu-4.63.0.tgz. Extracting by manifest.
348 silly tarball no local data for @types/babel__core@https://registry.npmjs.org/@types/babel__core/-/babel__core-7.20.5.tgz. Extracting by manifest.
349 silly tarball no local data for @types/babel__traverse@https://registry.npmjs.org/@types/babel__traverse/-/babel__traverse-7.28.0.tgz. Extracting by manifest.
350 silly tarball no local data for @rollup/rollup-win32-x64-msvc@https://registry.npmjs.org/@rollup/rollup-win32-x64-msvc/-/rollup-win32-x64-msvc-4.63.0.tgz. Extracting by manifest.
351 silly tarball no local data for @react-three/fiber@https://registry.npmjs.org/@react-three/fiber/-/fiber-9.7.0.tgz. Extracting by manifest.
352 silly tarball no local data for @react-three/drei@https://registry.npmjs.org/@react-three/drei/-/drei-10.7.8.tgz. Extracting by manifest.
353 silly tarball no local data for @rolldown/pluginutils@https://registry.npmjs.org/@rolldown/pluginutils/-/pluginutils-1.0.0-rc.3.tgz. Extracting by manifest.
354 silly tarball no local data for @monogrid/gainmap-js@https://registry.npmjs.org/@monogrid/gainmap-js/-/gainmap-js-3.4.0.tgz. Extracting by manifest.
355 silly tarball no local data for @jridgewell/trace-mapping@https://registry.npmjs.org/@jridgewell/trace-mapping/-/trace-mapping-0.3.31.tgz. Extracting by manifest.
356 silly tarball no local data for @mediapipe/tasks-vision@https://registry.npmjs.org/@mediapipe/tasks-vision/-/tasks-vision-0.10.17.tgz. Extracting by manifest.
357 silly tarball no local data for @jridgewell/sourcemap-codec@https://registry.npmjs.org/@jridgewell/sourcemap-codec/-/sourcemap-codec-1.5.5.tgz. Extracting by manifest.
358 silly tarball no local data for @jridgewell/resolve-uri@https://registry.npmjs.org/@jridgewell/resolve-uri/-/resolve-uri-3.1.2.tgz. Extracting by manifest.
359 silly tarball no local data for @esbuild/win32-x64@https://registry.npmjs.org/@esbuild/win32-x64/-/win32-x64-0.28.2.tgz. Extracting by manifest.
360 silly tarball no local data for @jridgewell/gen-mapping@https://registry.npmjs.org/@jridgewell/gen-mapping/-/gen-mapping-0.3.13.tgz. Extracting by manifest.
361 silly tarball no local data for @jridgewell/remapping@https://registry.npmjs.org/@jridgewell/remapping/-/remapping-2.3.5.tgz. Extracting by manifest.
362 silly tarball no local data for @dimforge/rapier3d-compat@https://registry.npmjs.org/@dimforge/rapier3d-compat/-/rapier3d-compat-0.12.0.tgz. Extracting by manifest.
363 silly tarball no local data for @babel/types@https://registry.npmjs.org/@babel/types/-/types-7.29.8.tgz. Extracting by manifest.
364 silly tarball no local data for @babel/template@https://registry.npmjs.org/@babel/template/-/template-7.29.7.tgz. Extracting by manifest.
365 silly tarball no local data for @babel/runtime@https://registry.npmjs.org/@babel/runtime/-/runtime-7.29.7.tgz. Extracting by manifest.
366 silly tarball no local data for @babel/traverse@https://registry.npmjs.org/@babel/traverse/-/traverse-7.29.8.tgz. Extracting by manifest.
367 silly tarball no local data for @babel/plugin-transform-react-jsx-source@https://registry.npmjs.org/@babel/plugin-transform-react-jsx-source/-/plugin-transform-react-jsx-source-7.29.7.tgz. Extracting by manifest.
368 silly tarball no local data for @babel/parser@https://registry.npmjs.org/@babel/parser/-/parser-7.29.8.tgz. Extracting by manifest.
369 silly tarball no local data for @babel/helpers@https://registry.npmjs.org/@babel/helpers/-/helpers-7.29.7.tgz. Extracting by manifest.
370 silly tarball no local data for @babel/plugin-transform-react-jsx-self@https://registry.npmjs.org/@babel/plugin-transform-react-jsx-self/-/plugin-transform-react-jsx-self-7.29.7.tgz. Extracting by manifest.
371 silly tarball no local data for @babel/helper-validator-option@https://registry.npmjs.org/@babel/helper-validator-option/-/helper-validator-option-7.29.7.tgz. Extracting by manifest.
372 silly tarball no local data for @babel/helper-validator-identifier@https://registry.npmjs.org/@babel/helper-validator-identifier/-/helper-validator-identifier-7.29.7.tgz. Extracting by manifest.
373 silly tarball no local data for @babel/helper-plugin-utils@https://registry.npmjs.org/@babel/helper-plugin-utils/-/helper-plugin-utils-7.29.7.tgz. Extracting by manifest.
374 silly tarball no local data for @babel/helper-globals@https://registry.npmjs.org/@babel/helper-globals/-/helper-globals-7.29.7.tgz. Extracting by manifest.
375 silly tarball no local data for @babel/helper-module-imports@https://registry.npmjs.org/@babel/helper-module-imports/-/helper-module-imports-7.29.7.tgz. Extracting by manifest.
376 silly tarball no local data for @babel/helper-module-transforms@https://registry.npmjs.org/@babel/helper-module-transforms/-/helper-module-transforms-7.29.7.tgz. Extracting by manifest.
377 silly tarball no local data for @babel/core@https://registry.npmjs.org/@babel/core/-/core-7.29.7.tgz. Extracting by manifest.
378 silly tarball no local data for @babel/helper-compilation-targets@https://registry.npmjs.org/@babel/helper-compilation-targets/-/helper-compilation-targets-7.29.7.tgz. Extracting by manifest.
379 silly tarball no local data for @babel/helper-string-parser@https://registry.npmjs.org/@babel/helper-string-parser/-/helper-string-parser-7.29.7.tgz. Extracting by manifest.
380 silly tarball no local data for @babel/generator@https://registry.npmjs.org/@babel/generator/-/generator-7.29.8.tgz. Extracting by manifest.
381 silly tarball no local data for @babel/compat-data@https://registry.npmjs.org/@babel/compat-data/-/compat-data-7.29.7.tgz. Extracting by manifest.
382 silly tarball no local data for @babel/code-frame@https://registry.npmjs.org/@babel/code-frame/-/code-frame-7.29.7.tgz. Extracting by manifest.
383 silly tarball no local data for three@https://registry.npmjs.org/three/-/three-0.170.0.tgz. Extracting by manifest.
384 silly tarball no local data for fflate@https://registry.npmjs.org/fflate/-/fflate-0.6.11.tgz. Extracting by manifest.
385 silly tarball no local data for zustand@https://registry.npmjs.org/zustand/-/zustand-4.5.7.tgz. Extracting by manifest.
386 http fetch GET 200 https://registry.npmjs.org/which/-/which-2.0.2.tgz 487ms (cache miss)
387 http fetch GET 200 https://registry.npmjs.org/yallist/-/yallist-3.1.1.tgz 546ms (cache miss)
388 http fetch GET 200 https://registry.npmjs.org/suspend-react/-/suspend-react-0.1.3.tgz 599ms (cache miss)
389 http fetch GET 200 https://registry.npmjs.org/update-browserslist-db/-/update-browserslist-db-1.3.1.tgz 626ms (cache miss)
390 http fetch GET 200 https://registry.npmjs.org/tinyglobby/-/tinyglobby-0.2.17.tgz 638ms (cache miss)
391 http fetch GET 200 https://registry.npmjs.org/shebang-command/-/shebang-command-2.0.0.tgz 638ms (cache miss)
392 http fetch GET 200 https://registry.npmjs.org/shebang-regex/-/shebang-regex-3.0.0.tgz 657ms (cache miss)
393 http fetch GET 200 https://registry.npmjs.org/npm 966ms
394 http fetch GET 200 https://registry.npmjs.org/stats.js/-/stats.js-0.17.0.tgz 723ms (cache miss)
395 http fetch POST 200 https://registry.npmjs.org/-/npm/v1/security/advisories/bulk 867ms
396 silly audit report {}
397 http fetch GET 200 https://registry.npmjs.org/require-from-string/-/require-from-string-2.0.2.tgz 933ms (cache miss)
398 http fetch GET 200 https://registry.npmjs.org/set-cookie-parser/-/set-cookie-parser-2.7.2.tgz 943ms (cache miss)
399 http fetch GET 200 https://registry.npmjs.org/react-router-dom/-/react-router-dom-7.18.2.tgz 967ms (cache miss)
400 http fetch GET 200 https://registry.npmjs.org/node-releases/-/node-releases-2.0.53.tgz 992ms (cache miss)
401 http fetch GET 200 https://registry.npmjs.org/use-sync-external-store/-/use-sync-external-store-1.6.0.tgz 1022ms (cache miss)
402 http fetch GET 200 https://registry.npmjs.org/potpack/-/potpack-1.0.2.tgz 1014ms (cache miss)
403 http fetch GET 200 https://registry.npmjs.org/path-key/-/path-key-3.1.1.tgz 1012ms (cache miss)
404 http fetch GET 200 https://registry.npmjs.org/webgl-sdf-generator/-/webgl-sdf-generator-1.1.1.tgz 1047ms (cache miss)
405 http fetch GET 200 https://registry.npmjs.org/picocolors/-/picocolors-1.1.1.tgz 1066ms (cache miss)
406 http fetch GET 200 https://registry.npmjs.org/ms/-/ms-2.1.3.tgz 1065ms (cache miss)
407 http fetch GET 200 https://registry.npmjs.org/semver/-/semver-6.3.1.tgz 1109ms (cache miss)
408 http fetch GET 200 https://registry.npmjs.org/lru-cache/-/lru-cache-5.1.1.tgz 1112ms (cache miss)
409 http fetch GET 200 https://registry.npmjs.org/js-tokens/-/js-tokens-4.0.0.tgz 1109ms (cache miss)
410 http fetch GET 200 https://registry.npmjs.org/lie/-/lie-3.3.0.tgz 1109ms (cache miss)
411 http fetch GET 200 https://registry.npmjs.org/react-use-measure/-/react-use-measure-2.1.7.tgz 1227ms (cache miss)
412 http fetch GET 200 https://registry.npmjs.org/tunnel-rat/-/tunnel-rat-0.1.2.tgz 1266ms (cache miss)
413 http fetch GET 200 https://registry.npmjs.org/its-fine/-/its-fine-2.0.0.tgz 1315ms (cache miss)
414 http fetch GET 200 https://registry.npmjs.org/is-promise/-/is-promise-2.2.2.tgz 1317ms (cache miss)
415 http fetch GET 200 https://registry.npmjs.org/jsesc/-/jsesc-3.1.0.tgz 1345ms (cache miss)
416 http fetch GET 200 https://registry.npmjs.org/react-refresh/-/react-refresh-0.18.0.tgz 1358ms (cache miss)
417 http fetch GET 200 https://registry.npmjs.org/troika-worker-utils/-/troika-worker-utils-0.52.0.tgz 1402ms (cache miss)
418 http fetch GET 200 https://registry.npmjs.org/glsl-noise/-/glsl-noise-0.0.0.tgz 1382ms (cache miss)
419 http fetch GET 200 https://registry.npmjs.org/ieee754/-/ieee754-1.2.1.tgz 1384ms (cache miss)
420 http fetch GET 200 https://registry.npmjs.org/promise-worker-transferable/-/promise-worker-transferable-1.0.4.tgz 1539ms (cache miss)
421 http fetch GET 200 https://registry.npmjs.org/immediate/-/immediate-3.0.6.tgz 1554ms (cache miss)
422 http fetch GET 200 https://registry.npmjs.org/gensync/-/gensync-1.0.0-beta.2.tgz 1572ms (cache miss)
423 http fetch GET 200 https://registry.npmjs.org/isexe/-/isexe-2.0.0.tgz 1585ms (cache miss)
424 http fetch GET 200 https://registry.npmjs.org/stats-gl/-/stats-gl-2.4.2.tgz 1616ms (cache miss)
425 http fetch GET 200 https://registry.npmjs.org/meshline/-/meshline-3.3.1.tgz 1606ms (cache miss)
426 http fetch GET 200 https://registry.npmjs.org/cross-spawn/-/cross-spawn-7.0.6.tgz 1594ms (cache miss)
427 http fetch GET 200 https://registry.npmjs.org/convert-source-map/-/convert-source-map-2.0.0.tgz 1601ms (cache miss)
428 http fetch GET 200 https://registry.npmjs.org/cookie/-/cookie-1.1.1.tgz 1601ms (cache miss)
429 http fetch GET 200 https://registry.npmjs.org/cross-env/-/cross-env-7.0.3.tgz 1623ms (cache miss)
430 http fetch GET 200 https://registry.npmjs.org/base64-js/-/base64-js-1.5.1.tgz 1623ms (cache miss)
431 http fetch GET 200 https://registry.npmjs.org/utility-types/-/utility-types-3.11.0.tgz 1684ms (cache miss)
432 http fetch GET 200 https://registry.npmjs.org/scheduler/-/scheduler-0.27.0.tgz 1679ms (cache miss)
433 http fetch GET 200 https://registry.npmjs.org/source-map-js/-/source-map-js-1.2.1.tgz 1682ms (cache miss)
434 http fetch GET 200 https://registry.npmjs.org/@types/react-reconciler/-/react-reconciler-0.28.9.tgz 1656ms (cache miss)
435 http fetch GET 200 https://registry.npmjs.org/@types/stats.js/-/stats.js-0.17.4.tgz 1667ms (cache miss)
436 http fetch GET 200 https://registry.npmjs.org/@types/draco3d/-/draco3d-1.4.10.tgz 1666ms (cache miss)
437 http fetch GET 200 https://registry.npmjs.org/fdir/-/fdir-6.5.0.tgz 1686ms (cache miss)
438 http fetch GET 200 https://registry.npmjs.org/@types/webxr/-/webxr-0.5.24.tgz 1680ms (cache miss)
439 http fetch GET 200 https://registry.npmjs.org/@types/babel__generator/-/babel__generator-7.27.0.tgz 1688ms (cache miss)
440 http fetch GET 200 https://registry.npmjs.org/buffer/-/buffer-6.0.3.tgz 1696ms (cache miss)
441 http fetch GET 200 https://registry.npmjs.org/@types/babel__template/-/babel__template-7.4.4.tgz 1689ms (cache miss)
442 http fetch GET 200 https://registry.npmjs.org/picomatch/-/picomatch-4.0.7.tgz 1762ms (cache miss)
443 http fetch GET 200 https://registry.npmjs.org/@vitejs/plugin-react/-/plugin-react-5.2.0.tgz 1782ms (cache miss)
444 http fetch GET 200 https://registry.npmjs.org/@types/babel__core/-/babel__core-7.20.5.tgz 1784ms (cache miss)
445 http fetch GET 200 https://registry.npmjs.org/@types/babel__traverse/-/babel__traverse-7.28.0.tgz 1792ms (cache miss)
446 http fetch GET 200 https://registry.npmjs.org/debug/-/debug-4.4.3.tgz 1833ms (cache miss)
447 http fetch GET 200 https://registry.npmjs.org/escalade/-/escalade-3.2.0.tgz 1843ms (cache miss)
448 http fetch GET 200 https://registry.npmjs.org/@types/estree/-/estree-1.0.9.tgz 1911ms (cache miss)
449 http fetch GET 200 https://registry.npmjs.org/browserslist/-/browserslist-4.28.8.tgz 1927ms (cache miss)
450 http fetch GET 200 https://registry.npmjs.org/webgl-constants/-/webgl-constants-1.1.1.tgz 1962ms (cache miss)
451 http fetch GET 200 https://registry.npmjs.org/baseline-browser-mapping/-/baseline-browser-mapping-2.11.19.tgz 1932ms (cache miss)
452 http fetch GET 200 https://registry.npmjs.org/@types/offscreencanvas/-/offscreencanvas-2019.7.3.tgz 1928ms (cache miss)
453 http fetch GET 200 https://registry.npmjs.org/@use-gesture/react/-/react-10.3.1.tgz 1943ms (cache miss)
454 http fetch GET 200 https://registry.npmjs.org/camera-controls/-/camera-controls-3.1.2.tgz 1968ms (cache miss)
455 http fetch GET 200 https://registry.npmjs.org/electron-to-chromium/-/electron-to-chromium-1.5.415.tgz 1995ms (cache miss)
456 http fetch GET 200 https://registry.npmjs.org/esbuild/-/esbuild-0.28.2.tgz 2015ms (cache miss)
457 http fetch GET 200 https://registry.npmjs.org/json5/-/json5-2.2.3.tgz 2081ms (cache miss)
458 http fetch GET 200 https://registry.npmjs.org/nanoid/-/nanoid-3.3.18.tgz 2093ms (cache miss)
459 http fetch GET 200 https://registry.npmjs.org/bidi-js/-/bidi-js-1.0.3.tgz 2188ms (cache miss)
460 http fetch GET 200 https://registry.npmjs.org/react/-/react-19.2.8.tgz 2242ms (cache miss)
461 http fetch GET 200 https://registry.npmjs.org/@tweenjs/tween.js/-/tween.js-23.1.3.tgz 2224ms (cache miss)
462 http fetch GET 200 https://registry.npmjs.org/meshoptimizer/-/meshoptimizer-1.1.1.tgz 2264ms (cache miss)
463 http fetch GET 200 https://registry.npmjs.org/csstype/-/csstype-3.2.3.tgz 2293ms (cache miss)
464 http fetch GET 200 https://registry.npmjs.org/@babel/helper-validator-option/-/helper-validator-option-7.29.7.tgz 2360ms (cache miss)
465 http fetch GET 200 https://registry.npmjs.org/@babel/plugin-transform-react-jsx-self/-/plugin-transform-react-jsx-self-7.29.7.tgz 2384ms (cache miss)
466 http fetch GET 200 https://registry.npmjs.org/@babel/helper-globals/-/helper-globals-7.29.7.tgz 2449ms (cache miss)
467 http fetch GET 200 https://registry.npmjs.org/@types/react/-/react-19.2.18.tgz 2479ms (cache miss)
468 http fetch GET 200 https://registry.npmjs.org/draco3d/-/draco3d-1.5.7.tgz 2503ms (cache miss)
469 http fetch GET 200 https://registry.npmjs.org/@babel/helper-string-parser/-/helper-string-parser-7.29.7.tgz 2492ms (cache miss)
470 http fetch GET 200 https://registry.npmjs.org/@rolldown/pluginutils/-/pluginutils-1.0.0-rc.3.tgz 2500ms (cache miss)
471 http fetch GET 200 https://registry.npmjs.org/@babel/helper-validator-identifier/-/helper-validator-identifier-7.29.7.tgz 2511ms (cache miss)
472 http fetch GET 200 https://registry.npmjs.org/@babel/plugin-transform-react-jsx-source/-/plugin-transform-react-jsx-source-7.29.7.tgz 2518ms (cache miss)
473 http fetch GET 200 https://registry.npmjs.org/@babel/code-frame/-/code-frame-7.29.7.tgz 2514ms (cache miss)
474 http fetch GET 200 https://registry.npmjs.org/fflate/-/fflate-0.8.3.tgz 2540ms (cache miss)
475 http fetch GET 200 https://registry.npmjs.org/troika-three-utils/-/troika-three-utils-0.52.5.tgz 2603ms (cache miss)
476 http fetch GET 200 https://registry.npmjs.org/zustand/-/zustand-5.0.15.tgz 2610ms (cache miss)
477 http fetch GET 200 https://registry.npmjs.org/@babel/template/-/template-7.29.7.tgz 2577ms (cache miss)
478 http fetch GET 200 https://registry.npmjs.org/lenis/-/lenis-1.3.26.tgz 2607ms (cache miss)
479 http fetch GET 200 https://registry.npmjs.org/@babel/helper-plugin-utils/-/helper-plugin-utils-7.29.7.tgz 2601ms (cache miss)
480 http fetch GET 200 https://registry.npmjs.org/@babel/compat-data/-/compat-data-7.29.7.tgz 2630ms (cache miss)
481 http fetch GET 200 https://registry.npmjs.org/@babel/helper-module-imports/-/helper-module-imports-7.29.7.tgz 2639ms (cache miss)
482 http fetch GET 200 https://registry.npmjs.org/@babel/helper-compilation-targets/-/helper-compilation-targets-7.29.7.tgz 2644ms (cache miss)
483 http fetch GET 200 https://registry.npmjs.org/@jridgewell/remapping/-/remapping-2.3.5.tgz 2784ms (cache miss)
484 http fetch GET 200 https://registry.npmjs.org/@babel/helper-module-transforms/-/helper-module-transforms-7.29.7.tgz 2786ms (cache miss)
485 http fetch GET 200 https://registry.npmjs.org/@jridgewell/gen-mapping/-/gen-mapping-0.3.13.tgz 2793ms (cache miss)
486 http fetch GET 200 https://registry.npmjs.org/postcss/-/postcss-8.5.26.tgz 2902ms (cache miss)
487 http fetch GET 200 https://registry.npmjs.org/fflate/-/fflate-0.6.11.tgz 2892ms (cache miss)
488 http fetch GET 200 https://registry.npmjs.org/troika-three-text/-/troika-three-text-0.52.5.tgz 2945ms (cache miss)
489 http fetch GET 200 https://registry.npmjs.org/@rollup/rollup-win32-x64-gnu/-/rollup-win32-x64-gnu-4.63.0.tgz 2937ms (cache miss)
490 http fetch GET 200 https://registry.npmjs.org/@jridgewell/sourcemap-codec/-/sourcemap-codec-1.5.5.tgz 2968ms (cache miss)
491 http fetch GET 200 https://registry.npmjs.org/@jridgewell/resolve-uri/-/resolve-uri-3.1.2.tgz 2993ms (cache miss)
492 http fetch GET 200 https://registry.npmjs.org/detect-gpu/-/detect-gpu-5.0.70.tgz 3040ms (cache miss)
493 http fetch GET 200 https://registry.npmjs.org/@jridgewell/trace-mapping/-/trace-mapping-0.3.31.tgz 3075ms (cache miss)
494 http fetch GET 200 https://registry.npmjs.org/@rollup/rollup-win32-x64-msvc/-/rollup-win32-x64-msvc-4.63.0.tgz 3080ms (cache miss)
495 http fetch GET 200 https://registry.npmjs.org/@babel/parser/-/parser-7.29.8.tgz 3092ms (cache miss)
496 http fetch GET 200 https://registry.npmjs.org/rollup/-/rollup-4.63.0.tgz 3224ms (cache miss)
497 http fetch GET 200 https://registry.npmjs.org/vite/-/vite-7.3.6.tgz 3267ms (cache miss)
498 http fetch GET 200 https://registry.npmjs.org/@babel/generator/-/generator-7.29.8.tgz 3346ms (cache miss)
499 http fetch GET 200 https://registry.npmjs.org/@react-three/fiber/-/fiber-9.7.0.tgz 3517ms (cache miss)
500 http fetch GET 200 https://registry.npmjs.org/@babel/traverse/-/traverse-7.29.8.tgz 3518ms (cache miss)
501 http fetch GET 200 https://registry.npmjs.org/@use-gesture/core/-/core-10.3.1.tgz 3619ms (cache miss)
502 http fetch GET 200 https://registry.npmjs.org/three-mesh-bvh/-/three-mesh-bvh-0.8.3.tgz 3718ms (cache miss)
503 http fetch GET 200 https://registry.npmjs.org/@monogrid/gainmap-js/-/gainmap-js-3.4.0.tgz 3752ms (cache miss)
504 http fetch GET 200 https://registry.npmjs.org/maath/-/maath-0.10.8.tgz 3824ms (cache miss)
505 http fetch GET 200 https://registry.npmjs.org/react-dom/-/react-dom-19.2.8.tgz 4072ms (cache miss)
506 http fetch GET 200 https://registry.npmjs.org/@babel/core/-/core-7.29.7.tgz 4115ms (cache miss)
507 http fetch GET 200 https://registry.npmjs.org/zustand/-/zustand-4.5.7.tgz 4165ms (cache miss)
508 http fetch GET 200 https://registry.npmjs.org/@dimforge/rapier3d-compat/-/rapier3d-compat-0.12.0.tgz 4348ms (cache miss)
509 http fetch GET 200 https://registry.npmjs.org/@esbuild/win32-x64/-/win32-x64-0.28.2.tgz 4408ms (cache miss)
510 http fetch GET 200 https://registry.npmjs.org/@babel/types/-/types-7.29.8.tgz 4647ms (cache miss)
511 http fetch GET 200 https://registry.npmjs.org/react-router/-/react-router-7.18.2.tgz 4695ms (cache miss)
512 http fetch GET 200 https://registry.npmjs.org/@babel/runtime/-/runtime-7.29.7.tgz 4683ms (cache miss)
513 http fetch GET 200 https://registry.npmjs.org/@babel/helpers/-/helpers-7.29.7.tgz 4773ms (cache miss)
514 http fetch GET 200 https://registry.npmjs.org/gsap/-/gsap-3.15.0.tgz 4862ms (cache miss)
515 http fetch GET 200 https://registry.npmjs.org/@mediapipe/tasks-vision/-/tasks-vision-0.10.17.tgz 4982ms (cache miss)
516 http fetch GET 200 https://registry.npmjs.org/@react-three/drei/-/drei-10.7.8.tgz 5526ms (cache miss)
517 http fetch GET 200 https://registry.npmjs.org/hls.js/-/hls.js-1.7.1.tgz 5866ms (cache miss)
518 http fetch GET 200 https://registry.npmjs.org/caniuse-lite/-/caniuse-lite-1.0.30001810.tgz 6219ms (cache miss)
519 http fetch GET 200 https://registry.npmjs.org/@types/three/-/three-0.185.4.tgz 6534ms (cache miss)
520 http fetch GET 200 https://registry.npmjs.org/three/-/three-0.170.0.tgz 7744ms (cache miss)
521 http fetch GET 200 https://registry.npmjs.org/three/-/three-0.179.1.tgz 7965ms (cache miss)
522 http fetch GET 200 https://registry.npmjs.org/three-stdlib/-/three-stdlib-2.36.1.tgz 8298ms (cache miss)
523 http fetch GET 200 https://registry.npmjs.org/lucide-react/-/lucide-react-0.468.0.tgz 11489ms (cache miss)
524 silly ADD node_modules/zustand
525 silly ADD node_modules/yallist
526 silly ADD node_modules/which
527 silly ADD node_modules/webgl-sdf-generator
528 silly ADD node_modules/webgl-constants
529 silly ADD node_modules/vite
530 silly ADD node_modules/utility-types
531 silly ADD node_modules/use-sync-external-store
532 silly ADD node_modules/update-browserslist-db
533 silly ADD node_modules/tunnel-rat
534 silly ADD node_modules/tunnel-rat/node_modules/zustand
535 silly ADD node_modules/troika-worker-utils
536 silly ADD node_modules/troika-three-utils
537 silly ADD node_modules/troika-three-text
538 silly ADD node_modules/tinyglobby
539 silly ADD node_modules/three-stdlib
540 silly ADD node_modules/three-stdlib/node_modules/fflate
541 silly ADD node_modules/three-mesh-bvh
542 silly ADD node_modules/three
543 silly ADD node_modules/suspend-react
544 silly ADD node_modules/stats.js
545 silly ADD node_modules/stats-gl
546 silly ADD node_modules/stats-gl/node_modules/three
547 silly ADD node_modules/source-map-js
548 silly ADD node_modules/shebang-regex
549 silly ADD node_modules/shebang-command
550 silly ADD node_modules/set-cookie-parser
551 silly ADD node_modules/semver
552 silly ADD node_modules/scheduler
553 silly ADD node_modules/rollup
554 silly ADD node_modules/require-from-string
555 silly ADD node_modules/react-use-measure
556 silly ADD node_modules/react-router-dom
557 silly ADD node_modules/react-router
558 silly ADD node_modules/react-refresh
559 silly ADD node_modules/react-dom
560 silly ADD node_modules/react
561 silly ADD node_modules/promise-worker-transferable
562 silly ADD node_modules/potpack
563 silly ADD node_modules/postcss
564 silly ADD node_modules/picomatch
565 silly ADD node_modules/picocolors
566 silly ADD node_modules/path-key
567 silly ADD node_modules/node-releases
568 silly ADD node_modules/nanoid
569 silly ADD node_modules/ms
570 silly ADD node_modules/meshoptimizer
571 silly ADD node_modules/meshline
572 silly ADD node_modules/maath
573 silly ADD node_modules/lucide-react
574 silly ADD node_modules/lru-cache
575 silly ADD node_modules/lie
576 silly ADD node_modules/lenis
577 silly ADD node_modules/json5
578 silly ADD node_modules/jsesc
579 silly ADD node_modules/js-tokens
580 silly ADD node_modules/its-fine
581 silly ADD node_modules/isexe
582 silly ADD node_modules/is-promise
583 silly ADD node_modules/immediate
584 silly ADD node_modules/ieee754
585 silly ADD node_modules/hls.js
586 silly ADD node_modules/gsap
587 silly ADD node_modules/glsl-noise
588 silly ADD node_modules/gensync
589 silly ADD
590 silly ADD node_modules/fflate
591 silly ADD node_modules/fdir
592 silly ADD node_modules/escalade
593 silly ADD node_modules/esbuild
594 silly ADD node_modules/electron-to-chromium
595 silly ADD node_modules/draco3d
596 silly ADD node_modules/detect-gpu
597 silly ADD node_modules/debug
598 silly ADD node_modules/csstype
599 silly ADD node_modules/cross-spawn
600 silly ADD node_modules/cross-env
601 silly ADD node_modules/cookie
602 silly ADD node_modules/convert-source-map
603 silly ADD node_modules/caniuse-lite
604 silly ADD node_modules/camera-controls
605 silly ADD node_modules/buffer
606 silly ADD node_modules/browserslist
607 silly ADD node_modules/bidi-js
608 silly ADD node_modules/baseline-browser-mapping
609 silly ADD node_modules/base64-js
610 silly ADD node_modules/@vitejs/plugin-react
611 silly ADD node_modules/@use-gesture/react
612 silly ADD node_modules/@use-gesture/core
613 silly ADD node_modules/@types/webxr
614 silly ADD node_modules/@types/three
615 silly ADD node_modules/@types/stats.js
616 silly ADD node_modules/@types/react-reconciler
617 silly ADD node_modules/@types/react
618 silly ADD node_modules/@types/offscreencanvas
619 silly ADD node_modules/@types/estree
620 silly ADD node_modules/@types/draco3d
621 silly ADD node_modules/@types/babel__traverse
622 silly ADD node_modules/@types/babel__template
623 silly ADD node_modules/@types/babel__generator
624 silly ADD node_modules/@types/babel__core
625 silly ADD node_modules/@tweenjs/tween.js
626 silly ADD node_modules/@rollup/rollup-win32-x64-msvc
627 silly ADD node_modules/@rollup/rollup-win32-x64-gnu
628 silly ADD
629 silly ADD
630 silly ADD
631 silly ADD
632 silly ADD
633 silly ADD
634 silly ADD
635 silly ADD
636 silly ADD
637 silly ADD
638 silly ADD
639 silly ADD
640 silly ADD
641 silly ADD
642 silly ADD
643 silly ADD
644 silly ADD
645 silly ADD
646 silly ADD
647 silly ADD
648 silly ADD
649 silly ADD
650 silly ADD
651 silly ADD node_modules/@rolldown/pluginutils
652 silly ADD node_modules/@react-three/fiber
653 silly ADD node_modules/@react-three/drei
654 silly ADD
655 silly ADD node_modules/@monogrid/gainmap-js
656 silly ADD node_modules/@mediapipe/tasks-vision
657 silly ADD node_modules/@jridgewell/trace-mapping
658 silly ADD node_modules/@jridgewell/sourcemap-codec
659 silly ADD node_modules/@jridgewell/resolve-uri
660 silly ADD node_modules/@jridgewell/remapping
661 silly ADD node_modules/@jridgewell/gen-mapping
662 silly ADD node_modules/@esbuild/win32-x64
663 silly ADD
664 silly ADD
665 silly ADD
666 silly ADD
667 silly ADD
668 silly ADD
669 silly ADD
670 silly ADD
671 silly ADD
672 silly ADD
673 silly ADD
674 silly ADD
675 silly ADD
676 silly ADD
677 silly ADD
678 silly ADD
679 silly ADD
680 silly ADD
681 silly ADD
682 silly ADD
683 silly ADD
684 silly ADD
685 silly ADD
686 silly ADD
687 silly ADD
688 silly ADD node_modules/@dimforge/rapier3d-compat
689 silly ADD node_modules/@babel/types
690 silly ADD node_modules/@babel/traverse
691 silly ADD node_modules/@babel/template
692 silly ADD node_modules/@babel/runtime
693 silly ADD node_modules/@babel/plugin-transform-react-jsx-source
694 silly ADD node_modules/@babel/plugin-transform-react-jsx-self
695 silly ADD node_modules/@babel/parser
696 silly ADD node_modules/@babel/helpers
697 silly ADD node_modules/@babel/helper-validator-option
698 silly ADD node_modules/@babel/helper-validator-identifier
699 silly ADD node_modules/@babel/helper-string-parser
700 silly ADD node_modules/@babel/helper-plugin-utils
701 silly ADD node_modules/@babel/helper-module-transforms
702 silly ADD node_modules/@babel/helper-module-imports
703 silly ADD node_modules/@babel/helper-globals
704 silly ADD node_modules/@babel/helper-compilation-targets
705 silly ADD node_modules/@babel/generator
706 silly ADD node_modules/@babel/core
707 silly ADD node_modules/@babel/compat-data
708 silly ADD node_modules/@babel/code-frame
709 verbose cwd D:\Orbit2.0\frontend
710 verbose os Windows_NT 10.0.26200
711 verbose node v22.18.0
712 verbose npm  v10.9.3
713 notice
713 notice New major version of npm available! 10.9.3 -> 12.0.2
713 notice Changelog: https://github.com/npm/cli/releases/tag/v12.0.2
713 notice To update run: npm install -g npm@12.0.2
713 notice  { force: true, [Symbol(proc-log.meta)]: true }
714 verbose exit 0
715 info ok
